[pool] Gate B calibrated to the clean pool: match n=187, bar = 43.97 - 1.15 = 42.82
[pool] expansion: +116 candidate training endpoints
[pool] gates BEFORE trim: A mean_cos 0.5085 (<= 0.52) PASS | B matched-PR 41.81 (>= 42.82) FAIL
[pool]   trim   1: dropped vcbench_meeting_3252063_3840x2160            A 0.5077 B 41.81 (115 expansion clips left)
[pool]   trim   2: dropped vcbench_talk_3251897_3840x2160               A 0.5070 B 41.85 (114 expansion clips left)
[pool]   trim   3: dropped vcbench_phone_3252989_3840x2160              A 0.5063 B 41.87 (113 expansion clips left)
[pool]   trim   4: dropped vcbench_conversation_3045052_3840x2160       A 0.5057 B 42.02 (112 expansion clips left)
[pool]   trim   5: dropped vcbench_teacher_6985519_3840x2160            A 0.5050 B 42.22 (111 expansion clips left)
[pool]   trim   6: dropped vcbench_meeting_3255273_3840x2160            A 0.5043 B 42.20 (110 expansion clips left)
[pool]   trim   7: dropped vcbench_talk_4828608_4096x2160               A 0.5037 B 42.27 (109 expansion clips left)
[pool]   trim   8: dropped vcbench_office_853878_1920x1080              A 0.5031 B 42.30 (108 expansion clips left)
[pool]   trim   9: dropped vcbench_talk_4146196_3840x2160               A 0.5025 B 42.39 (107 expansion clips left)
[pool]   trim  10: dropped vcbench_school_4769542_4096x2160             A 0.5020 B 42.43 (106 expansion clips left)
[pool]   trim  11: dropped vcbench_library_4860895_4096x2160            A 0.5014 B 42.69 (105 expansion clips left)
[pool]   trim  12: dropped vcbench_teacher_5200351_3840x2160            A 0.5008 B 42.83 (104 expansion clips left)
[pool] TRIM: removed 12 expansion clips to satisfy the gates
[pool] training 291 (v1 187 + v2 104) | reserved 20
[pool] gates AFTER  trim: A 0.5008 PASS | B 42.83 PASS  => LAUNCHABLE
[pool] diagnostics: {"n_training_v1": 187, "n_training_v2": 104, "new_cohort_internal_mean_cos": 0.5655, "vcbench63_internal_mean_cos_reference": 0.5869, "training_per_source": {"davis": 34, "openvid": 98, "vcbench": 55, "vcbench_v2": 104}}
[pool] -> /projects/illinois/eng/cs/jrehg/users/emirkisa/diffusion-research/data/processed/ctt_v2_strata/CONTENT_POOL.json
